// Jest Snapshot v1, https://goo.gl/fbAQLP

exports[`Footer render correctly 1`] = `
<div>
  <style
    dangerouslySetInnerHTML={
      Object {
        "__html": ".css-yuk4ah-Footer{background-color:#34495e;font-size:24px;width:100%;padding:2%;color:white;}@media (max-width: 430px){.css-yuk4ah-Footer{font-size:18px;}}",
      }
    }
    data-emotion="css yuk4ah-Footer"
  />
  <div
    className="css-yuk4ah-Footer"
  >
    <style
      dangerouslySetInnerHTML={
        Object {
          "__html": ".css-1lox1gh-Footer{width:80%;display:-webkit-box;display:-webkit-flex;display:-ms-flexbox;display:flex;-webkit-flex-direction:column;-ms-flex-direction:column;flex-direction:column;margin-right:10%;}",
        }
      }
      data-emotion="css 1lox1gh-Footer"
    />
    <div
      className="css-1lox1gh-Footer"
    >
      <style
        dangerouslySetInnerHTML={
          Object {
            "__html": ".css-194r2pk-Small{margin:3rem 0 1.38rem;text-align:right;font-weight:400;line-height:1.3;margin-top:0;font-size:0.889em;}",
          }
        }
        data-emotion="css 194r2pk-Small"
      />
      <h1
        className="css-194r2pk-Small"
      >
        ساخته شده توسط محمدرضا شریف خانی
      </h1>
      <h1
        className="css-194r2pk-Small"
      >
        لورم ایپسوم متن ساختگی با تولید سادگی نامفهوم از صنعت چاپ، و با استفاده از طراحان گرافیک است، چاپگرها و متون بلکه روزنامه و مجله در ستون و سطرآنچنان که لازم است، و برای شرایط فعلی تکنولوژی مورد نیاز،
      </h1>
    </div>
  </div>
</div>
`;
